 WARN cache for Repodata at /home/collr/.cache/rattler/cache/repodata is on a network/parallel filesystem (NFS/SMB/FUSE/BeeGFS/Lustre/GPFS/CephFS), redirected to /tmp/pixi-cache-collr/repodata for this run. Set [cache.repodata] in config.toml or PIXI_CACHE_DIR to override, or [cache.netfs-redirect] = "never" to keep the original path.
TrimmomaticPE: Started with arguments:
 Project2_Part2/cutadapt_outs/SRR25630310_1_adapted.fastq Project2_Part2/cutadapt_outs/SRR25630310_2_adapted.fastq Project2_Part2/trimmomatic_outs/SRR25630310_1_paired.fastq Project2_Part2/trimmomatic_outs/SRR25630310_1_unpaired.fastq Project2_Part2/trimmomatic_outs/SRR25630310_2_paired.fastq Project2_Part2/trimmomatic_outs/SRR25630310_2_unpaired.fastq SLIDINGWINDOW:5:15 LEADING:3 TRAILING:3 MINLEN:35
Multiple cores found: Using 4 threads
Quality encoding detected as phred33
Input Read Pairs: 35140212 Both Surviving: 34820245 (99.09%) Forward Only Surviving: 212660 (0.61%) Reverse Only Surviving: 92008 (0.26%) Dropped: 15299 (0.04%)
TrimmomaticPE: Completed successfully
	Command being timed: "pixi run trimmomatic PE Project2_Part2/cutadapt_outs/SRR25630310_1_adapted.fastq Project2_Part2/cutadapt_outs/SRR25630310_2_adapted.fastq Project2_Part2/trimmomatic_outs/SRR25630310_1_paired.fastq Project2_Part2/trimmomatic_outs/SRR25630310_1_unpaired.fastq Project2_Part2/trimmomatic_outs/SRR25630310_2_paired.fastq Project2_Part2/trimmomatic_outs/SRR25630310_2_unpaired.fastq SLIDINGWINDOW:5:15 LEADING:3 TRAILING:3 MINLEN:35"
	User time (seconds): 382.81
	System time (seconds): 22.28
	Percent of CPU this job got: 648%
	Elapsed (wall clock) time (h:mm:ss or m:ss): 1:02.51
	Average shared text size (kbytes): 0
	Average unshared data size (kbytes): 0
	Average stack size (kbytes): 0
	Average total size (kbytes): 0
	Maximum resident set size (kbytes): 1187272
	Average resident set size (kbytes): 0
	Major (requiring I/O) page faults: 0
	Minor (reclaiming a frame) page faults: 240301
	Voluntary context switches: 286633
	Involuntary context switches: 4524
	Swaps: 0
	File system inputs: 0
	File system outputs: 360
	Socket messages sent: 0
	Socket messages received: 0
	Signals delivered: 0
	Page size (bytes): 4096
	Exit status: 0
 WARN cache for Repodata at /home/collr/.cache/rattler/cache/repodata is on a network/parallel filesystem (NFS/SMB/FUSE/BeeGFS/Lustre/GPFS/CephFS), redirected to /tmp/pixi-cache-collr/repodata for this run. Set [cache.repodata] in config.toml or PIXI_CACHE_DIR to override, or [cache.netfs-redirect] = "never" to keep the original path.
TrimmomaticPE: Started with arguments:
 Project2_Part2/cutadapt_outs/SRR25630391_1_adapted.fastq Project2_Part2/cutadapt_outs/SRR25630391_2_adapted.fastq Project2_Part2/trimmomatic_outs/SRR25630391_1_paired.fastq Project2_Part2/trimmomatic_outs/SRR25630391_1_unpaired.fastq Project2_Part2/trimmomatic_outs/SRR25630391_2_paired.fastq Project2_Part2/trimmomatic_outs/SRR25630391_2_unpaired.fastq SLIDINGWINDOW:5:15 LEADING:3 TRAILING:3 MINLEN:35
Multiple cores found: Using 4 threads
Quality encoding detected as phred33
Input Read Pairs: 12529274 Both Surviving: 12447628 (99.35%) Forward Only Surviving: 53993 (0.43%) Reverse Only Surviving: 24576 (0.20%) Dropped: 3077 (0.02%)
TrimmomaticPE: Completed successfully
	Command being timed: "pixi run trimmomatic PE Project2_Part2/cutadapt_outs/SRR25630391_1_adapted.fastq Project2_Part2/cutadapt_outs/SRR25630391_2_adapted.fastq Project2_Part2/trimmomatic_outs/SRR25630391_1_paired.fastq Project2_Part2/trimmomatic_outs/SRR25630391_1_unpaired.fastq Project2_Part2/trimmomatic_outs/SRR25630391_2_paired.fastq Project2_Part2/trimmomatic_outs/SRR25630391_2_unpaired.fastq SLIDINGWINDOW:5:15 LEADING:3 TRAILING:3 MINLEN:35"
	User time (seconds): 139.10
	System time (seconds): 8.44
	Percent of CPU this job got: 648%
	Elapsed (wall clock) time (h:mm:ss or m:ss): 0:22.76
	Average shared text size (kbytes): 0
	Average unshared data size (kbytes): 0
	Average stack size (kbytes): 0
	Average total size (kbytes): 0
	Maximum resident set size (kbytes): 1183800
	Average resident set size (kbytes): 0
	Major (requiring I/O) page faults: 0
	Minor (reclaiming a frame) page faults: 124178
	Voluntary context switches: 103060
	Involuntary context switches: 1558
	Swaps: 0
	File system inputs: 0
	File system outputs: 192
	Socket messages sent: 0
	Socket messages received: 0
	Signals delivered: 0
	Page size (bytes): 4096
	Exit status: 0
