 WARN cache for Repodata at /home/collr/.cache/rattler/cache/repodata is on a network/parallel filesystem (NFS/SMB/FUSE/BeeGFS/Lustre/GPFS/CephFS), redirected to /tmp/pixi-cache-collr/repodata for this run. Set [cache.repodata] in config.toml or PIXI_CACHE_DIR to override, or [cache.netfs-redirect] = "never" to keep the original path.
This is cutadapt 5.2 with Python 3.12.14
Command line parameters: -a AGATCGGAAGAGCACACGTCTGAACTCCAGTCA -A AGATCGGAAGAGCGTCGTGTAGGGAAAGAGTGT -o SRR25630391_1_adapted.fastq -p SRR25630391_2_adapted.fastq SRR25630391_1.fastq SRR25630391_2.fastq
Processing paired-end reads on 1 core ...

=== Summary ===

Total read pairs processed:         12,529,274
  Read 1 with adapter:               1,658,532 (13.2%)
  Read 2 with adapter:               1,740,406 (13.9%)
Pairs written (passing filters):    12,529,274 (100.0%)

Total basepairs processed: 3,758,782,200 bp
  Read 1: 1,879,391,100 bp
  Read 2: 1,879,391,100 bp
Total written (filtered):  3,686,648,214 bp (98.1%)
  Read 1: 1,842,931,076 bp
  Read 2: 1,843,717,138 bp

=== First read: Adapter 1 ===

Sequence: AGATCGGAAGAGCACACGTCTGAACTCCAGTCA; Type: regular 3'; Length: 33; Trimmed: 1658532 times

Minimum overlap: 3
No. of allowed errors:
1-9 bp: 0; 10-19 bp: 1; 20-29 bp: 2; 30-33 bp: 3

Bases preceding removed adapters:
  A: 11.9%
  C: 25.2%
  G: 48.3%
  T: 14.7%
  none/other: 0.0%

Overview of removed sequences
length	count	expect	max.err	error counts
3	224973	195769.9	0	224973
4	85216	48942.5	0	85216
5	52575	12235.6	0	52575
6	44310	3058.9	0	44310
7	42146	764.7	0	42146
8	40795	191.2	0	40795
9	40982	47.8	0	40773 209
10	39846	11.9	1	38300 1546
11	40139	3.0	1	38523 1616
12	38282	0.7	1	36647 1635
13	38854	0.2	1	37070 1784
14	38004	0.0	1	36242 1762
15	36932	0.0	1	35097 1835
16	35665	0.0	1	33911 1754
17	34147	0.0	1	32321 1826
18	32598	0.0	1	30661 1895 42
19	32324	0.0	1	30299 1957 68
20	31976	0.0	2	29607 2038 331
21	30911	0.0	2	28531 2015 365
22	30523	0.0	2	28070 2031 422
23	29496	0.0	2	27168 1970 358
24	28477	0.0	2	26299 1855 323
25	27470	0.0	2	25118 1984 368
26	26527	0.0	2	24216 1955 356
27	26083	0.0	2	23723 1965 363 32
28	24880	0.0	2	22694 1806 356 24
29	23849	0.0	2	21684 1798 340 27
30	22393	0.0	3	20256 1681 327 129
31	22446	0.0	3	20112 1831 374 129
32	21531	0.0	3	19264 1798 330 139
33	21221	0.0	3	19065 1705 313 138
34	20265	0.0	3	18314 1550 275 126
35	19280	0.0	3	17393 1484 283 120
36	18463	0.0	3	16620 1465 281 97
37	18398	0.0	3	16561 1408 312 117
38	17543	0.0	3	15891 1314 248 90
39	16406	0.0	3	14793 1261 248 104
40	16435	0.0	3	14761 1321 250 103
41	15073	0.0	3	13643 1127 224 79
42	14427	0.0	3	13038 1086 212 91
43	14325	0.0	3	12983 1055 202 85
44	13442	0.0	3	12133 1047 186 76
45	12611	0.0	3	11438 913 188 72
46	12076	0.0	3	10951 880 173 72
47	11835	0.0	3	10763 848 153 71
48	10892	0.0	3	9875 796 169 52
49	10604	0.0	3	9620 806 129 49
50	9855	0.0	3	8907 781 114 53
51	9224	0.0	3	8351 683 140 50
52	8910	0.0	3	8139 643 95 33
53	8508	0.0	3	7818 547 103 40
54	8228	0.0	3	7521 562 110 35
55	7893	0.0	3	7185 558 107 43
56	7163	0.0	3	6523 508 98 34
57	6731	0.0	3	6121 469 110 31
58	6401	0.0	3	5800 461 93 47
59	5911	0.0	3	5393 418 73 27
60	5661	0.0	3	5163 408 58 32
61	5205	0.0	3	4711 394 69 31
62	4857	0.0	3	4467 329 46 15
63	4617	0.0	3	4217 328 49 23
64	4387	0.0	3	4009 301 52 25
65	4078	0.0	3	3720 275 60 23
66	3705	0.0	3	3380 261 46 18
67	3516	0.0	3	3237 227 35 17
68	3321	0.0	3	3034 227 39 21
69	3048	0.0	3	2796 189 45 18
70	2680	0.0	3	2458 182 27 13
71	2713	0.0	3	2464 187 46 16
72	2358	0.0	3	2134 180 30 14
73	2127	0.0	3	1954 135 26 12
74	1935	0.0	3	1785 116 25 9
75	1760	0.0	3	1628 97 27 8
76	1680	0.0	3	1534 109 25 12
77	1529	0.0	3	1382 121 17 9
78	1393	0.0	3	1275 87 23 8
79	1257	0.0	3	1128 92 26 11
80	1114	0.0	3	1039 59 10 6
81	1023	0.0	3	937 69 9 8
82	950	0.0	3	871 62 11 6
83	764	0.0	3	695 59 7 3
84	698	0.0	3	634 48 9 7
85	640	0.0	3	574 47 13 6
86	584	0.0	3	535 41 6 2
87	564	0.0	3	523 38 1 2
88	480	0.0	3	434 34 10 2
89	394	0.0	3	359 20 11 4
90	391	0.0	3	358 20 4 9
91	343	0.0	3	291 39 12 1
92	271	0.0	3	246 18 7
93	259	0.0	3	226 23 6 4
94	191	0.0	3	163 17 8 3
95	187	0.0	3	167 11 5 4
96	174	0.0	3	161 11 1 1
97	138	0.0	3	127 6 3 2
98	97	0.0	3	87 5 5
99	88	0.0	3	79 8 1
100	95	0.0	3	74 16 2 3
101	71	0.0	3	58 10 3
102	60	0.0	3	47 6 4 3
103	53	0.0	3	46 4 0 3
104	58	0.0	3	51 4 0 3
105	48	0.0	3	41 4 1 2
106	41	0.0	3	35 3 3
107	42	0.0	3	38 1 3
108	42	0.0	3	32 4 5 1
109	20	0.0	3	15 0 3 2
110	22	0.0	3	18 1 2 1
111	16	0.0	3	13 1 1 1
112	25	0.0	3	18 4 2 1
113	22	0.0	3	16 1 3 2
114	12	0.0	3	10 1 1
115	10	0.0	3	6 1 1 2
116	15	0.0	3	10 3 2
117	12	0.0	3	7 2 2 1
118	10	0.0	3	6 1 3
119	3	0.0	3	3
120	11	0.0	3	3 1 3 4
121	4	0.0	3	3 1
122	12	0.0	3	6 5 0 1
123	3	0.0	3	1 1 1
124	2	0.0	3	2
125	4	0.0	3	2 1 1
126	7	0.0	3	5 2
127	7	0.0	3	5 2
128	7	0.0	3	6 0 0 1
129	5	0.0	3	3 0 1 1
130	6	0.0	3	4 2
131	6	0.0	3	6
132	5	0.0	3	3 2
133	1	0.0	3	1
134	1	0.0	3	0 0 1
135	2	0.0	3	2
136	1	0.0	3	1
137	1	0.0	3	1
139	1	0.0	3	1
140	1	0.0	3	1
141	1	0.0	3	1
142	2	0.0	3	2
144	1	0.0	3	1
146	2	0.0	3	0 0 1 1
147	1	0.0	3	1
148	1	0.0	3	0 0 0 1
150	113	0.0	3	0 103 9 1


=== Second read: Adapter 2 ===

Sequence: AGATCGGAAGAGCGTCGTGTAGGGAAAGAGTGT; Type: regular 3'; Length: 33; Trimmed: 1740406 times

Minimum overlap: 3
No. of allowed errors:
1-9 bp: 0; 10-19 bp: 1; 20-29 bp: 2; 30-33 bp: 3

Bases preceding removed adapters:
  A: 10.8%
  C: 24.7%
  G: 53.6%
  T: 10.9%
  none/other: 0.0%

Overview of removed sequences
length	count	expect	max.err	error counts
3	313449	195769.9	0	313449
4	94971	48942.5	0	94971
5	55664	12235.6	0	55664
6	45944	3058.9	0	45944
7	43246	764.7	0	43246
8	41726	191.2	0	41726
9	41054	47.8	0	40620 434
10	40321	11.9	1	38663 1658
11	41095	3.0	1	39444 1651
12	38656	0.7	1	37189 1467
13	39538	0.2	1	37963 1575
14	38138	0.0	1	36670 1468
15	37160	0.0	1	35716 1444
16	36034	0.0	1	34502 1532
17	34300	0.0	1	32868 1432
18	32646	0.0	1	30398 2245 3
19	32346	0.0	1	30235 2091 20
20	32040	0.0	2	27937 3699 404
21	30993	0.0	2	26933 3582 478
22	30577	0.0	2	26490 3528 559
23	29525	0.0	2	25771 3181 573
24	28495	0.0	2	24769 3246 480
25	27423	0.0	2	22470 4151 802
26	26400	0.0	2	20709 4721 970
27	25748	0.0	2	18716 5614 1415 3
28	24633	0.0	2	17908 5268 1441 16
29	23346	0.0	2	12634 7426 2799 487
30	22071	0.0	3	12309 6631 2317 814
31	21808	0.0	3	9467 7023 3825 1493
32	20796	0.0	3	9099 6761 3481 1455
33	19709	0.0	3	5340 6247 5236 2886
34	18824	0.0	3	5331 5790 5018 2685
35	17881	0.0	3	5319 5123 4745 2694
36	17169	0.0	3	5287 4856 4484 2542
37	17098	0.0	3	5276 5259 4167 2396
38	16377	0.0	3	5048 4799 4114 2416
39	15293	0.0	3	4960 4245 3987 2101
40	15271	0.0	3	4979 4172 3856 2264
41	14060	0.0	3	4437 4105 3514 2004
42	13488	0.0	3	4159 4009 3442 1878
43	13347	0.0	3	4516 3492 3354 1985
44	12715	0.0	3	3989 3700 3344 1682
45	11774	0.0	3	3812 3585 2843 1534
46	11419	0.0	3	3578 3644 2899 1298
47	11230	0.0	3	3715 3273 2753 1489
48	10353	0.0	3	3289 3293 2542 1229
49	10042	0.0	3	3210 3187 2437 1208
50	9335	0.0	3	3157 2819 2255 1104
51	8697	0.0	3	2810 2836 2075 976
52	8432	0.0	3	2842 2555 2034 1001
53	8042	0.0	3	2716 2656 1783 887
54	7839	0.0	3	2774 2338 1832 895
55	7535	0.0	3	2626 2457 1609 843
56	6825	0.0	3	2381 2138 1596 710
57	6407	0.0	3	2301 1920 1545 641
58	6090	0.0	3	2098 1986 1353 653
59	5665	0.0	3	1978 1797 1313 577
60	5406	0.0	3	2013 1727 1118 548
61	4980	0.0	3	1782 1543 1151 504
62	4658	0.0	3	1815 1407 981 455
63	4439	0.0	3	1540 1488 1039 372
64	4215	0.0	3	1589 1320 901 405
65	3926	0.0	3	1394 1356 804 372
66	3563	0.0	3	1333 1161 733 336
67	3407	0.0	3	1247 1090 793 277
68	3187	0.0	3	1252 1011 653 271
69	2955	0.0	3	1039 991 641 284
70	2593	0.0	3	990 835 532 236
71	2633	0.0	3	934 860 592 247
72	2287	0.0	3	860 773 490 164
73	2062	0.0	3	829 671 403 159
74	1877	0.0	3	727 644 374 132
75	1705	0.0	3	616 611 332 146
76	1616	0.0	3	605 558 345 108
77	1493	0.0	3	622 474 280 117
78	1342	0.0	3	498 499 258 87
79	1216	0.0	3	504 379 257 76
80	1081	0.0	3	451 355 190 85
81	999	0.0	3	423 338 171 67
82	933	0.0	3	373 356 159 45
83	737	0.0	3	293 230 151 63
84	674	0.0	3	290 236 115 33
85	620	0.0	3	290 190 106 34
86	565	0.0	3	216 214 98 37
87	554	0.0	3	211 188 101 54
88	459	0.0	3	184 163 74 38
89	380	0.0	3	158 135 66 21
90	379	0.0	3	168 132 64 15
91	340	0.0	3	149 117 58 16
92	260	0.0	3	106 96 44 14
93	247	0.0	3	102 94 35 16
94	186	0.0	3	75 70 28 13
95	180	0.0	3	91 61 22 6
96	173	0.0	3	67 65 26 15
97	136	0.0	3	52 43 30 11
98	91	0.0	3	36 32 19 4
99	80	0.0	3	29 32 17 2
100	90	0.0	3	45 29 12 4
101	67	0.0	3	32 18 16 1
102	58	0.0	3	23 20 8 7
103	49	0.0	3	21 15 10 3
104	54	0.0	3	20 20 12 2
105	46	0.0	3	22 14 6 4
106	39	0.0	3	18 12 6 3
107	42	0.0	3	15 18 3 6
108	34	0.0	3	19 7 6 2
109	15	0.0	3	5 6 2 2
110	21	0.0	3	4 8 4 5
111	13	0.0	3	5 7 1
112	23	0.0	3	5 10 4 4
113	18	0.0	3	10 3 3 2
114	11	0.0	3	2 4 4 1
115	11	0.0	3	4 4 0 3
116	14	0.0	3	5 7 2
117	8	0.0	3	4 3 1
118	8	0.0	3	1 2 1 4
119	3	0.0	3	1 1 1
120	6	0.0	3	0 2 3 1
121	5	0.0	3	2 2 0 1
122	14	0.0	3	2 4 6 2
123	2	0.0	3	0 1 0 1
124	3	0.0	3	2 0 0 1
125	4	0.0	3	2 1 0 1
126	5	0.0	3	4 1
127	6	0.0	3	3 2 0 1
128	7	0.0	3	5 0 1 1
129	5	0.0	3	2 0 2 1
130	6	0.0	3	5 0 0 1
131	6	0.0	3	6
132	5	0.0	3	3 1 1
133	1	0.0	3	0 1
134	1	0.0	3	0 1
135	2	0.0	3	1 0 1
136	1	0.0	3	1
137	2	0.0	3	1 0 0 1
139	1	0.0	3	1
140	1	0.0	3	1
141	1	0.0	3	1
142	2	0.0	3	2
144	1	0.0	3	1
147	1	0.0	3	1
	Command being timed: "pixi run cutadapt -a AGATCGGAAGAGCACACGTCTGAACTCCAGTCA -A AGATCGGAAGAGCGTCGTGTAGGGAAAGAGTGT -o SRR25630391_1_adapted.fastq -p SRR25630391_2_adapted.fastq SRR25630391_1.fastq SRR25630391_2.fastq"
	User time (seconds): 62.10
	System time (seconds): 2.28
	Percent of CPU this job got: 98%
	Elapsed (wall clock) time (h:mm:ss or m:ss): 1:05.45
	Average shared text size (kbytes): 0
	Average unshared data size (kbytes): 0
	Average stack size (kbytes): 0
	Average total size (kbytes): 0
	Maximum resident set size (kbytes): 62852
	Average resident set size (kbytes): 0
	Major (requiring I/O) page faults: 0
	Minor (reclaiming a frame) page faults: 18676
	Voluntary context switches: 2651
	Involuntary context switches: 41
	Swaps: 0
	File system inputs: 0
	File system outputs: 8
	Socket messages sent: 0
	Socket messages received: 0
	Signals delivered: 0
	Page size (bytes): 4096
	Exit status: 0
