 WARN cache for Repodata at /home/collr/.cache/rattler/cache/repodata is on a network/parallel filesystem (NFS/SMB/FUSE/BeeGFS/Lustre/GPFS/CephFS), redirected to /tmp/pixi-cache-collr/repodata for this run. Set [cache.repodata] in config.toml or PIXI_CACHE_DIR to override, or [cache.netfs-redirect] = "never" to keep the original path.
This is cutadapt 5.2 with Python 3.12.14
Command line parameters: -a AGATCGGAAGAGCACACGTCTGAACTCCAGTCA -A AGATCGGAAGAGCGTCGTGTAGGGAAAGAGTGT -o SRR25630310_1_adapted.fastq -p SRR25630310_2_adapted.fastq SRR25630310_1.fastq SRR25630310_2.fastq
Processing paired-end reads on 1 core ...

=== Summary ===

Total read pairs processed:         35,140,212
  Read 1 with adapter:               6,141,779 (17.5%)
  Read 2 with adapter:               6,326,719 (18.0%)
Pairs written (passing filters):    35,140,212 (100.0%)

Total basepairs processed: 10,542,063,600 bp
  Read 1: 5,271,031,800 bp
  Read 2: 5,271,031,800 bp
Total written (filtered):  10,255,616,122 bp (97.3%)
  Read 1: 5,125,303,524 bp
  Read 2: 5,130,312,598 bp

=== First read: Adapter 1 ===

Sequence: AGATCGGAAGAGCACACGTCTGAACTCCAGTCA; Type: regular 3'; Length: 33; Trimmed: 6141779 times

Minimum overlap: 3
No. of allowed errors:
1-9 bp: 0; 10-19 bp: 1; 20-29 bp: 2; 30-33 bp: 3

Bases preceding removed adapters:
  A: 10.7%
  C: 26.7%
  G: 48.0%
  T: 14.6%
  none/other: 0.0%

Overview of removed sequences
length	count	expect	max.err	error counts
3	592784	549065.8	0	592784
4	258266	137266.5	0	258266
5	176040	34316.6	0	176040
6	151831	8579.2	0	151831
7	145162	2144.8	0	145162
8	142119	536.2	0	142119
9	146564	134.0	0	145862 702
10	143544	33.5	1	139331 4213
11	142666	8.4	1	137788 4878
12	137763	2.1	1	132824 4939
13	137959	0.5	1	132599 5360
14	146632	0.1	1	140841 5791
15	144259	0.0	1	138085 6174
16	129144	0.0	1	123279 5865
17	129240	0.0	1	123082 6158
18	120768	0.0	1	114486 6155 127
19	119203	0.0	1	112491 6500 212
20	121342	0.0	2	113158 7059 1125
21	119660	0.0	2	111631 6944 1085
22	119168	0.0	2	110697 7254 1217
23	117975	0.0	2	109669 7095 1211
24	115451	0.0	2	106789 7496 1166
25	111746	0.0	2	102793 7764 1189
26	109622	0.0	2	100747 7681 1194
27	113607	0.0	2	104191 8032 1328 56
28	100920	0.0	2	92127 7560 1174 59
29	100888	0.0	2	91949 7607 1261 71
30	96341	0.0	3	87414 7349 1147 431
31	94460	0.0	3	85607 7076 1283 494
32	92157	0.0	3	83418 7064 1193 482
33	94169	0.0	3	85456 7107 1146 460
34	88059	0.0	3	79944 6560 1132 423
35	83913	0.0	3	75889 6515 1090 419
36	79773	0.0	3	72255 6069 1039 410
37	89152	0.0	3	80809 6760 1117 466
38	81410	0.0	3	73719 6216 1027 448
39	77402	0.0	3	70244 5852 966 340
40	76216	0.0	3	69126 5798 941 351
41	72007	0.0	3	65390 5410 887 320
42	67079	0.0	3	60868 5054 818 339
43	64723	0.0	3	58684 4909 814 316
44	63119	0.0	3	57117 4818 827 357
45	59962	0.0	3	54355 4530 776 301
46	55761	0.0	3	50654 4165 710 232
47	54881	0.0	3	49805 4090 707 279
48	48366	0.0	3	43917 3627 573 249
49	47531	0.0	3	43099 3592 602 238
50	42985	0.0	3	39022 3294 487 182
51	40033	0.0	3	36327 3074 450 182
52	38676	0.0	3	35058 2931 466 221
53	37398	0.0	3	33962 2828 443 165
54	34661	0.0	3	31562 2573 366 160
55	34063	0.0	3	31032 2488 393 150
56	29865	0.0	3	27179 2197 360 129
57	27326	0.0	3	24865 2019 307 135
58	26821	0.0	3	24372 1983 331 135
59	23469	0.0	3	21313 1728 327 101
60	22448	0.0	3	20384 1673 286 105
61	20360	0.0	3	18577 1461 221 101
62	17256	0.0	3	15726 1259 190 81
63	16543	0.0	3	15066 1172 221 84
64	14777	0.0	3	13512 1055 145 65
65	14120	0.0	3	12897 1019 140 64
66	11878	0.0	3	10723 923 158 74
67	10981	0.0	3	9911 842 165 63
68	9761	0.0	3	8831 764 117 49
69	8948	0.0	3	8140 648 105 55
70	8119	0.0	3	7376 602 88 53
71	7782	0.0	3	7098 559 87 38
72	6510	0.0	3	5887 504 79 40
73	5494	0.0	3	4911 466 79 38
74	4847	0.0	3	4353 393 67 34
75	4399	0.0	3	3977 336 56 30
76	4271	0.0	3	3859 323 55 34
77	3522	0.0	3	3161 280 57 24
78	3182	0.0	3	2872 228 47 35
79	2974	0.0	3	2627 241 65 41
80	2536	0.0	3	2244 222 39 31
81	2199	0.0	3	1944 180 40 35
82	2054	0.0	3	1818 178 36 22
83	1871	0.0	3	1654 161 37 19
84	1526	0.0	3	1343 125 35 23
85	1400	0.0	3	1243 94 38 25
86	1233	0.0	3	1088 103 23 19
87	1233	0.0	3	1063 108 37 25
88	1091	0.0	3	967 87 26 11
89	961	0.0	3	826 87 31 17
90	912	0.0	3	784 94 17 17
91	801	0.0	3	682 84 21 14
92	668	0.0	3	576 60 17 15
93	622	0.0	3	531 56 18 17
94	553	0.0	3	463 59 21 10
95	527	0.0	3	439 51 17 20
96	431	0.0	3	337 61 20 13
97	440	0.0	3	356 52 15 17
98	391	0.0	3	327 36 21 7
99	322	0.0	3	259 33 16 14
100	281	0.0	3	221 27 19 14
101	304	0.0	3	253 31 10 10
102	245	0.0	3	183 39 14 9
103	263	0.0	3	194 44 13 12
104	208	0.0	3	159 28 11 10
105	193	0.0	3	143 27 10 13
106	175	0.0	3	131 22 15 7
107	157	0.0	3	111 24 11 11
108	166	0.0	3	121 20 12 13
109	156	0.0	3	108 28 9 11
110	143	0.0	3	112 18 4 9
111	138	0.0	3	100 20 10 8
112	126	0.0	3	98 14 8 6
113	86	0.0	3	57 20 8 1
114	83	0.0	3	58 13 7 5
115	85	0.0	3	55 14 9 7
116	71	0.0	3	48 7 8 8
117	111	0.0	3	66 19 14 12
118	100	0.0	3	61 15 15 9
119	67	0.0	3	37 15 6 9
120	82	0.0	3	56 14 6 6
121	59	0.0	3	32 13 8 6
122	34	0.0	3	22 5 2 5
123	23	0.0	3	18 3 2
124	30	0.0	3	14 3 8 5
125	31	0.0	3	19 3 5 4
126	22	0.0	3	12 2 3 5
127	27	0.0	3	18 5 2 2
128	22	0.0	3	12 7 1 2
129	21	0.0	3	11 1 4 5
130	16	0.0	3	8 4 2 2
131	15	0.0	3	10 1 2 2
132	13	0.0	3	9 3 1
133	11	0.0	3	5 4 1 1
134	9	0.0	3	4 1 2 2
135	1	0.0	3	0 1
136	6	0.0	3	4 1 1
137	3	0.0	3	2 1
138	2	0.0	3	1 0 1
139	2	0.0	3	2
140	1	0.0	3	1
142	3	0.0	3	1 1 1
143	1	0.0	3	0 1
144	1	0.0	3	1
145	1	0.0	3	0 0 1
146	2	0.0	3	2
147	3	0.0	3	3
148	1	0.0	3	0 0 0 1
149	13	0.0	3	0 7 3 3
150	2122	0.0	3	2 1922 171 27


=== Second read: Adapter 2 ===

Sequence: AGATCGGAAGAGCGTCGTGTAGGGAAAGAGTGT; Type: regular 3'; Length: 33; Trimmed: 6326719 times

Minimum overlap: 3
No. of allowed errors:
1-9 bp: 0; 10-19 bp: 1; 20-29 bp: 2; 30-33 bp: 3

Bases preceding removed adapters:
  A: 8.6%
  C: 23.0%
  G: 57.3%
  T: 11.0%
  none/other: 0.0%

Overview of removed sequences
length	count	expect	max.err	error counts
3	866213	549065.8	0	866213
4	262806	137266.5	0	262806
5	180666	34316.6	0	180666
6	158000	8579.2	0	158000
7	149720	2144.8	0	149720
8	148607	536.2	0	148607
9	147748	134.0	0	147000 748
10	146263	33.5	1	142005 4258
11	149772	8.4	1	145681 4091
12	140554	2.1	1	136925 3629
13	143371	0.5	1	139654 3717
14	147543	0.1	1	143972 3571
15	145845	0.0	1	141856 3989
16	132144	0.0	1	128172 3972
17	129934	0.0	1	125962 3972
18	122548	0.0	1	118055 4485 8
19	120272	0.0	1	115536 4669 67
20	122251	0.0	2	112904 8384 963
21	120248	0.0	2	110138 8825 1285
22	119797	0.0	2	109816 8635 1346
23	118957	0.0	2	108712 8944 1301
24	116014	0.0	2	105564 9117 1333
25	111731	0.0	2	91641 17325 2765
26	109141	0.0	2	84147 20262 4732
27	111926	0.0	2	81447 23430 7038 11
28	99382	0.0	2	71791 21005 6529 57
29	97892	0.0	2	51223 29576 13721 3372
30	94599	0.0	3	49812 27508 12496 4783
31	90478	0.0	3	43445 24204 15410 7419
32	88408	0.0	3	42743 24148 14512 7005
33	84450	0.0	3	27575 22211 21144 13520
34	79703	0.0	3	26845 20963 19426 12469
35	76101	0.0	3	26049 20546 18027 11479
36	72420	0.0	3	24871 19088 17622 10839
37	81328	0.0	3	28448 21786 19165 11929
38	74788	0.0	3	25834 20193 17875 10886
39	70683	0.0	3	24842 18953 16691 10197
40	70196	0.0	3	24082 19649 16963 9502
41	65970	0.0	3	23094 18149 15517 9210
42	61767	0.0	3	21782 16768 14776 8441
43	59674	0.0	3	21377 16310 13859 8128
44	58879	0.0	3	20744 16271 13996 7868
45	55644	0.0	3	19721 15566 13029 7328
46	51888	0.0	3	18176 15013 12094 6605
47	51170	0.0	3	19198 14016 11510 6446
48	45221	0.0	3	16239 13188 10212 5582
49	44553	0.0	3	16421 12670 10033 5429
50	40317	0.0	3	15128 11639 8828 4722
51	37408	0.0	3	13978 10688 8305 4437
52	36304	0.0	3	13415 10434 8162 4293
53	35097	0.0	3	12963 10321 7812 4001
54	32677	0.0	3	12405 9390 7288 3594
55	32183	0.0	3	12071 9752 7024 3336
56	28256	0.0	3	10235 8672 6283 3066
57	25906	0.0	3	10044 7927 5386 2549
58	25460	0.0	3	9740 7774 5421 2525
59	22194	0.0	3	8659 6698 4649 2188
60	21374	0.0	3	7966 6677 4708 2023
61	19268	0.0	3	7367 5734 4119 2048
62	16493	0.0	3	6527 5044 3368 1554
63	15702	0.0	3	6252 4793 3196 1461
64	14147	0.0	3	5502 4546 2797 1302
65	13455	0.0	3	5213 4251 2731 1260
66	11366	0.0	3	4609 3526 2295 936
67	10503	0.0	3	4320 3237 2080 866
68	9370	0.0	3	3819 3017 1765 769
69	8591	0.0	3	3427 2828 1668 668
70	7799	0.0	3	3265 2429 1449 656
71	7475	0.0	3	2910 2409 1485 671
72	6282	0.0	3	2563 1951 1250 518
73	5297	0.0	3	2179 1718 989 411
74	4658	0.0	3	1853 1517 893 395
75	4234	0.0	3	1773 1364 782 315
76	4110	0.0	3	1700 1311 742 357
77	3410	0.0	3	1448 1091 613 258
78	3065	0.0	3	1276 1027 521 241
79	2859	0.0	3	1180 931 548 200
80	2413	0.0	3	1024 769 429 191
81	2125	0.0	3	888 713 351 173
82	1995	0.0	3	816 692 359 128
83	1815	0.0	3	773 608 317 117
84	1461	0.0	3	618 495 255 93
85	1352	0.0	3	624 423 223 82
86	1195	0.0	3	470 427 215 83
87	1181	0.0	3	491 406 187 97
88	1068	0.0	3	436 397 172 63
89	929	0.0	3	392 293 147 97
90	896	0.0	3	386 314 130 66
91	759	0.0	3	337 268 114 40
92	623	0.0	3	283 223 82 35
93	596	0.0	3	244 227 77 48
94	536	0.0	3	230 181 91 34
95	497	0.0	3	210 175 74 38
96	403	0.0	3	178 124 68 33
97	411	0.0	3	181 127 68 35
98	369	0.0	3	155 130 66 18
99	312	0.0	3	124 96 62 30
100	258	0.0	3	96 88 48 26
101	293	0.0	3	129 98 36 30
102	229	0.0	3	92 77 36 24
103	249	0.0	3	94 88 37 30
104	192	0.0	3	87 64 27 14
105	170	0.0	3	67 54 24 25
106	160	0.0	3	73 45 29 13
107	143	0.0	3	60 41 23 19
108	151	0.0	3	60 53 23 15
109	144	0.0	3	48 48 26 22
110	140	0.0	3	52 49 24 15
111	120	0.0	3	44 42 20 14
112	121	0.0	3	49 39 22 11
113	87	0.0	3	23 38 14 12
114	76	0.0	3	27 26 15 8
115	68	0.0	3	28 17 11 12
116	64	0.0	3	20 19 14 11
117	83	0.0	3	34 23 18 8
118	82	0.0	3	30 23 15 14
119	56	0.0	3	17 16 13 10
120	70	0.0	3	24 22 14 10
121	49	0.0	3	13 13 12 11
122	29	0.0	3	7 10 3 9
123	22	0.0	3	6 6 5 5
124	19	0.0	3	6 2 4 7
125	27	0.0	3	6 9 6 6
126	19	0.0	3	1 5 4 9
127	19	0.0	3	2 8 3 6
128	15	0.0	3	4 5 2 4
129	18	0.0	3	4 3 6 5
130	14	0.0	3	3 7 1 3
131	12	0.0	3	5 2 4 1
132	13	0.0	3	2 4 5 2
133	9	0.0	3	1 4 2 2
134	8	0.0	3	1 4 2 1
135	1	0.0	3	1
136	6	0.0	3	2 4
137	3	0.0	3	3
138	2	0.0	3	1 0 0 1
139	2	0.0	3	1 1
140	1	0.0	3	0 0 1
142	2	0.0	3	1 1
144	1	0.0	3	1
146	2	0.0	3	2
147	3	0.0	3	3
149	1	0.0	3	0 0 1
150	5	0.0	3	1 1 2 1
	Command being timed: "pixi run cutadapt -a AGATCGGAAGAGCACACGTCTGAACTCCAGTCA -A AGATCGGAAGAGCGTCGTGTAGGGAAAGAGTGT -o SRR25630310_1_adapted.fastq -p SRR25630310_2_adapted.fastq SRR25630310_1.fastq SRR25630310_2.fastq"
	User time (seconds): 188.23
	System time (seconds): 6.23
	Percent of CPU this job got: 98%
	Elapsed (wall clock) time (h:mm:ss or m:ss): 3:17.10
	Average shared text size (kbytes): 0
	Average unshared data size (kbytes): 0
	Average stack size (kbytes): 0
	Average total size (kbytes): 0
	Maximum resident set size (kbytes): 62864
	Average resident set size (kbytes): 0
	Major (requiring I/O) page faults: 0
	Minor (reclaiming a frame) page faults: 14183
	Voluntary context switches: 6717
	Involuntary context switches: 102
	Swaps: 0
	File system inputs: 0
	File system outputs: 8
	Socket messages sent: 0
	Socket messages received: 0
	Signals delivered: 0
	Page size (bytes): 4096
	Exit status: 0
